// Jest Snapshot v1, https://goo.gl/fbAQLP

exports[`should take a App snapshot 1`] = `
<DocumentFragment>
  <div
    class="css-ee25lq"
  >
    <h2
      class="css-ty6nqg"
      data-testid="AppTitle"
    >
      Hype Live Report
    </h2>
  </div>
</DocumentFragment>
`;
